// Jest Snapshot v1, https://goo.gl/fbAQLP

exports[`renders correctly 1`] = `
<div
  className="video-item"
>
  <VideoItemHeader />
  <div
    className="player-wrapper"
  >
    <ReactPlayer
      className="react-player"
      config={
        Object {
          "dailymotion": Object {
            "params": Object {
              "api": 1,
              "endscreen-enable": false,
            },
            "preload": false,
          },
          "facebook": Object {
            "appId": "1309697205772819",
          },
          "file": Object {
            "attributes": Object {},
            "forceAudio": false,
            "forceDASH": false,
            "forceHLS": false,
            "hlsOptions": Object {},
            "tracks": Array [],
          },
          "mixcloud": Object {
            "options": Object {
              "hide_cover": 1,
            },
          },
          "soundcloud": Object {
            "options": Object {
              "buying": false,
              "download": false,
              "liking": false,
              "sharing": false,
              "show_comments": false,
              "show_playcount": false,
              "visual": true,
            },
          },
          "twitch": Object {
            "options": Object {},
          },
          "vimeo": Object {
            "playerOptions": Object {
              "autopause": false,
              "autoplay": false,
              "byline": false,
              "portrait": false,
              "title": false,
            },
            "preload": false,
          },
          "wistia": Object {
            "options": Object {},
          },
          "youtube": Object {
            "playerVars": Object {
              "autoplay": 0,
              "iv_load_policy": 3,
              "modestbranding": 1,
              "playsinline": 1,
              "rel": 0,
              "showinfo": 0,
            },
            "preload": false,
          },
        }
      }
      controls={false}
      height="100%"
      key="null"
      loop={false}
      muted={true}
      onBuffer={[Function]}
      onDuration={[Function]}
      onEnded={[Function]}
      onError={[Function]}
      onPause={[Function]}
      onPlay={[Function]}
      onProgress={[Function]}
      onReady={[Function]}
      onSeek={[Function]}
      onStart={[Function]}
      playbackRate={1}
      playing={true}
      playsinline={true}
      progressInterval={1000}
      style={Object {}}
      url={null}
      volume={null}
      width="100%"
      wrapper="div"
    />
  </div>
</div>
`;
